// Jest Snapshot v1, https://goo.gl/fbAQLP

exports[`Custom Button Component renders to dom without crashing. 1`] = `
<button
  className="inverted google-sign-in custom-button"
  otherProps={Array []}
>
  button
</button>
`;
